1/273 large_arrays P=7 repeat=0
2/273 tiny_chain P=8 repeat=2
3/273 long_four_chains P=7 repeat=1
4/273 two_streams P=2 repeat=2
5/273 long_four_chains P=4 repeat=1
6/273 two_streams P=7 repeat=2
7/273 short_many_chains P=7 repeat=1
8/273 large_arrays P=7 repeat=1
9/273 tiny_chain P=2 repeat=2
10/273 tiny_chain P=4 repeat=2
11/273 short_chain P=7 repeat=1
12/273 long_chain P=2 repeat=0
13/273 uneven P=4 repeat=2
14/273 tiny_chain P=5 repeat=1
15/273 independent_before P=4 repeat=1
16/273 short_chain P=4 repeat=0
17/273 long_four_chains P=2 repeat=2
18/273 independent_before P=5 repeat=2
19/273 short_chain P=8 repeat=0
20/273 independent_before P=6 repeat=2
21/273 short_four_chains P=4 repeat=1
22/273 short_four_chains P=6 repeat=1
23/273 short_many_chains P=3 repeat=2
24/273 dependent_compute P=4 repeat=0
25/273 long_four_chains P=7 repeat=0
26/273 dependent_compute P=7 repeat=2
27/273 two_streams P=8 repeat=1
28/273 independent_after P=5 repeat=2
29/273 large_arrays P=3 repeat=1
30/273 independent_before P=6 repeat=1
31/273 short_chain P=8 repeat=2
32/273 independent_before P=2 repeat=0
33/273 short_many_chains P=7 repeat=2
34/273 two_streams P=6 repeat=2
35/273 tiny_chain P=6 repeat=0
36/273 independent_after P=7 repeat=0
37/273 independent_before P=6 repeat=0
38/273 independent_after P=3 repeat=2
39/273 tiny_chain P=4 repeat=0
40/273 independent_before P=8 repeat=0
41/273 short_many_chains P=4 repeat=1
42/273 long_four_chains P=4 repeat=0
43/273 dependent_compute P=7 repeat=1
44/273 uneven P=8 repeat=0
45/273 long_chain P=7 repeat=1
46/273 two_streams P=4 repeat=2
47/273 large_arrays P=5 repeat=2
48/273 independent_after P=8 repeat=0
49/273 short_chain P=8 repeat=1
50/273 short_four_chains P=3 repeat=0
51/273 two_streams P=2 repeat=1
52/273 uneven P=3 repeat=0
53/273 two_streams P=3 repeat=1
54/273 independent_after P=3 repeat=0
55/273 short_many_chains P=5 repeat=2
56/273 short_many_chains P=2 repeat=0
57/273 tiny_chain P=3 repeat=2
58/273 short_many_chains P=3 repeat=1
59/273 large_arrays P=7 repeat=2
60/273 tiny_chain P=6 repeat=2
61/273 large_arrays P=4 repeat=1
62/273 long_many_chains P=8 repeat=0
63/273 independent_before P=8 repeat=1
64/273 independent_after P=4 repeat=2
65/273 short_chain P=6 repeat=0
66/273 two_streams P=8 repeat=2
67/273 short_many_chains P=5 repeat=1
68/273 short_four_chains P=5 repeat=2
69/273 long_four_chains P=6 repeat=0
70/273 tiny_chain P=8 repeat=0
71/273 dependent_compute P=5 repeat=0
72/273 two_streams P=5 repeat=2
73/273 dependent_compute P=3 repeat=0
74/273 large_arrays P=2 repeat=0
75/273 uneven P=7 repeat=0
76/273 short_four_chains P=3 repeat=1
77/273 short_four_chains P=3 repeat=2
78/273 tiny_chain P=7 repeat=1
79/273 large_arrays P=5 repeat=1
80/273 dependent_compute P=3 repeat=1
81/273 long_many_chains P=7 repeat=0
82/273 short_chain P=2 repeat=1
83/273 short_many_chains P=2 repeat=1
84/273 independent_before P=2 repeat=2
85/273 dependent_compute P=3 repeat=2
86/273 two_streams P=7 repeat=0
87/273 independent_after P=3 repeat=1
88/273 long_four_chains P=8 repeat=2
89/273 independent_after P=7 repeat=1
90/273 short_chain P=4 repeat=2
91/273 large_arrays P=3 repeat=0
92/273 long_chain P=3 repeat=2
93/273 independent_before P=5 repeat=0
94/273 dependent_compute P=8 repeat=0
95/273 short_many_chains P=2 repeat=2
96/273 short_four_chains P=2 repeat=1
FAILED uneven P=6: Command '['/mnt/d/sgpl/Graph-language-/p1GraphEasy-con-AutoTuner/proof/doacross_cost_worker_work_2026_10_09/build/probe', '8193', '3', '4', '8', '0', '1', '7']' timed out after 30 seconds
98/273 short_chain P=7 repeat=0
99/273 short_many_chains P=8 repeat=1
100/273 long_four_chains P=8 repeat=0
101/273 large_arrays P=2 repeat=2
102/273 large_arrays P=8 repeat=0
103/273 dependent_compute P=6 repeat=0
104/273 two_streams P=7 repeat=1
105/273 long_four_chains P=3 repeat=0
106/273 uneven P=2 repeat=0
107/273 large_arrays P=8 repeat=2
108/273 independent_before P=7 repeat=2
109/273 long_many_chains P=2 repeat=0
110/273 tiny_chain P=6 repeat=1
111/273 independent_before P=8 repeat=2
113/273 two_streams P=5 repeat=1
114/273 long_four_chains P=5 repeat=2
115/273 independent_after P=4 repeat=1
116/273 two_streams P=6 repeat=0
117/273 dependent_compute P=6 repeat=2
118/273 long_four_chains P=5 repeat=0
119/273 independent_after P=6 repeat=1
120/273 short_four_chains P=4 repeat=2
121/273 uneven P=5 repeat=2
122/273 short_four_chains P=8 repeat=2
123/273 short_many_chains P=7 repeat=0
124/273 short_four_chains P=6 repeat=2
125/273 dependent_compute P=2 repeat=1
126/273 independent_after P=2 repeat=0
127/273 long_many_chains P=2 repeat=1
128/273 short_four_chains P=8 repeat=1
129/273 short_chain P=5 repeat=2
130/273 large_arrays P=3 repeat=2
131/273 short_chain P=4 repeat=1
132/273 two_streams P=4 repeat=0
133/273 tiny_chain P=2 repeat=0
134/273 independent_before P=4 repeat=2
135/273 independent_before P=5 repeat=1
136/273 short_many_chains P=3 repeat=0
138/273 long_many_chains P=3 repeat=0
139/273 uneven P=2 repeat=2
140/273 long_many_chains P=6 repeat=2
141/273 long_four_chains P=4 repeat=2
142/273 long_chain P=5 repeat=0
143/273 long_many_chains P=7 repeat=2
144/273 short_chain P=7 repeat=2
145/273 tiny_chain P=7 repeat=0
146/273 independent_after P=7 repeat=2
147/273 short_many_chains P=8 repeat=2
148/273 uneven P=5 repeat=0
149/273 dependent_compute P=4 repeat=2
150/273 independent_before P=7 repeat=0
151/273 uneven P=3 repeat=1
152/273 tiny_chain P=5 repeat=2
153/273 short_chain P=6 repeat=1
154/273 two_streams P=3 repeat=0
155/273 uneven P=8 repeat=2
156/273 uneven P=2 repeat=1
157/273 short_four_chains P=7 repeat=0
158/273 uneven P=4 repeat=0
159/273 large_arrays P=4 repeat=0
160/273 two_streams P=3 repeat=2
161/273 two_streams P=8 repeat=0
162/273 short_four_chains P=7 repeat=1
163/273 short_four_chains P=5 repeat=1
164/273 long_chain P=4 repeat=1
165/273 short_four_chains P=7 repeat=2
166/273 short_many_chains P=6 repeat=1
167/273 short_many_chains P=6 repeat=2
168/273 long_chain P=6 repeat=1
169/273 tiny_chain P=8 repeat=1
170/273 tiny_chain P=5 repeat=0
171/273 long_chain P=5 repeat=2
172/273 short_four_chains P=8 repeat=0
173/273 long_chain P=7 repeat=2
174/273 dependent_compute P=2 repeat=0
175/273 short_chain P=6 repeat=2
176/273 dependent_compute P=7 repeat=0
177/273 short_chain P=5 repeat=0
178/273 independent_after P=4 repeat=0
179/273 large_arrays P=5 repeat=0
180/273 dependent_compute P=5 repeat=2
181/273 short_many_chains P=6 repeat=0
182/273 independent_after P=6 repeat=2
183/273 short_chain P=3 repeat=2
184/273 independent_before P=3 repeat=2
185/273 large_arrays P=2 repeat=1
186/273 long_chain P=2 repeat=1
187/273 long_chain P=6 repeat=0
188/273 tiny_chain P=2 repeat=1
189/273 tiny_chain P=3 repeat=1
190/273 long_many_chains P=6 repeat=0
191/273 short_many_chains P=8 repeat=0
192/273 short_four_chains P=2 repeat=2
193/273 large_arrays P=4 repeat=2
194/273 independent_before P=7 repeat=1
195/273 short_many_chains P=5 repeat=0
196/273 short_chain P=2 repeat=0
197/273 long_chain P=5 repeat=1
198/273 long_many_chains P=8 repeat=1
199/273 long_many_chains P=5 repeat=2
200/273 dependent_compute P=8 repeat=1
201/273 long_chain P=3 repeat=1
202/273 long_many_chains P=3 repeat=2
203/273 tiny_chain P=4 repeat=1
204/273 uneven P=8 repeat=1
205/273 long_many_chains P=2 repeat=2
206/273 independent_before P=3 repeat=1
207/273 long_many_chains P=3 repeat=1
208/273 long_four_chains P=3 repeat=1
209/273 uneven P=4 repeat=1
210/273 tiny_chain P=3 repeat=0
211/273 dependent_compute P=5 repeat=1
212/273 long_chain P=8 repeat=2
213/273 short_chain P=3 repeat=1
214/273 short_chain P=5 repeat=1
215/273 long_four_chains P=2 repeat=1
216/273 independent_after P=8 repeat=1
217/273 independent_after P=6 repeat=0
218/273 short_chain P=3 repeat=0
219/273 dependent_compute P=6 repeat=1
220/273 long_chain P=7 repeat=0
221/273 long_many_chains P=5 repeat=1
222/273 uneven P=7 repeat=2
223/273 long_chain P=4 repeat=0
224/273 independent_before P=2 repeat=1
225/273 dependent_compute P=2 repeat=2
226/273 long_many_chains P=6 repeat=1
227/273 long_four_chains P=7 repeat=2
228/273 short_four_chains P=6 repeat=0
229/273 independent_after P=2 repeat=1
230/273 short_chain P=2 repeat=2
231/273 two_streams P=2 repeat=0
232/273 long_four_chains P=2 repeat=0
233/273 long_four_chains P=8 repeat=1
234/273 uneven P=7 repeat=1
235/273 long_chain P=3 repeat=0
236/273 long_chain P=4 repeat=2
237/273 large_arrays P=6 repeat=1
238/273 long_many_chains P=7 repeat=1
239/273 two_streams P=5 repeat=0
240/273 long_chain P=2 repeat=2
241/273 independent_after P=2 repeat=2
242/273 dependent_compute P=8 repeat=2
243/273 independent_after P=8 repeat=2
244/273 short_many_chains P=4 repeat=0
245/273 two_streams P=4 repeat=1
246/273 long_many_chains P=4 repeat=2
247/273 long_many_chains P=8 repeat=2
248/273 large_arrays P=6 repeat=0
249/273 long_four_chains P=3 repeat=2
250/273 long_four_chains P=5 repeat=1
251/273 short_four_chains P=5 repeat=0
252/273 long_chain P=8 repeat=1
253/273 long_four_chains P=6 repeat=2
254/273 long_many_chains P=5 repeat=0
255/273 two_streams P=6 repeat=1
256/273 tiny_chain P=7 repeat=2
257/273 uneven P=5 repeat=1
258/273 independent_after P=5 repeat=1
259/273 independent_after P=5 repeat=0
260/273 dependent_compute P=4 repeat=1
261/273 independent_before P=4 repeat=0
262/273 long_many_chains P=4 repeat=1
263/273 long_many_chains P=4 repeat=0
264/273 large_arrays P=6 repeat=2
265/273 short_four_chains P=4 repeat=0
266/273 long_four_chains P=6 repeat=1
267/273 large_arrays P=8 repeat=1
268/273 long_chain P=6 repeat=2
269/273 short_four_chains P=2 repeat=0
270/273 independent_before P=3 repeat=0
271/273 short_many_chains P=4 repeat=2
272/273 uneven P=3 repeat=2
273/273 long_chain P=8 repeat=0
{
  "learned-sync": {
    "settings": 91,
    "valid_settings": 90,
    "failed_settings": 1,
    "median_absolute_error_percent": 14.46787327903749,
    "mean_absolute_error_percent": 14.734705529600157,
    "median_signed_error_percent": -10.03026921692955,
    "within_10_percent": 37,
    "within_20_percent": 60,
    "within_30_percent": 86
  },
  "seeded-sync": {
    "settings": 91,
    "valid_settings": 90,
    "failed_settings": 1,
    "median_absolute_error_percent": 68.05235062693103,
    "mean_absolute_error_percent": 80.10907811828625,
    "median_signed_error_percent": 47.83702177820285,
    "within_10_percent": 8,
    "within_20_percent": 12,
    "within_30_percent": 16
  }
}
