This is pdfTeX, Version 3.141592653-2.6-1.40.25 (TeX Live 2023/Debian) (preloaded format=pdflatex 2026.3.8)  25 SEP 2026 20:24
entering extended mode
 restricted \write18 enabled.
 %&-line parsing enabled.
**MOTIF_SEARCH_EXPLAINED.tex
(./MOTIF_SEARCH_EXPLAINED.tex
LaTeX2e <2023-11-01> patch level 1
L3 programming layer <2024-01-22>
(/usr/share/texlive/texmf-dist/tex/latex/base/article.cls
Document Class: article 2023/05/17 v1.4n Standard LaTeX document class
(/usr/share/texlive/texmf-dist/tex/latex/base/size11.clo
File: size11.clo 2023/05/17 v1.4n Standard LaTeX file (size option)
)
\c@part=\count187
\c@section=\count188
\c@subsection=\count189
\c@subsubsection=\count190
\c@paragraph=\count191
\c@subparagraph=\count192
\c@figure=\count193
\c@table=\count194
\abovecaptionskip=\skip48
\belowcaptionskip=\skip49
\bibindent=\dimen140
)
(/usr/share/texlive/texmf-dist/tex/latex/base/inputenc.sty
Package: inputenc 2021/02/14 v1.3d Input encoding file
\inpenc@prehook=\toks17
\inpenc@posthook=\toks18
)
(/usr/share/texlive/texmf-dist/tex/latex/base/fontenc.sty
Package: fontenc 2021/04/29 v2.0v Standard LaTeX package
)
(/usr/share/texmf/tex/latex/lm/lmodern.sty
Package: lmodern 2015/05/01 v1.6.1 Latin Modern Fonts
LaTeX Font Info:    Overwriting symbol font `operators' in version `normal'
(Font)                  OT1/cmr/m/n --> OT1/lmr/m/n on input line 22.
LaTeX Font Info:    Overwriting symbol font `letters' in version `normal'
(Font)                  OML/cmm/m/it --> OML/lmm/m/it on input line 23.
LaTeX Font Info:    Overwriting symbol font `symbols' in version `normal'
(Font)                  OMS/cmsy/m/n --> OMS/lmsy/m/n on input line 24.
LaTeX Font Info:    Overwriting symbol font `largesymbols' in version `normal'
(Font)                  OMX/cmex/m/n --> OMX/lmex/m/n on input line 25.
LaTeX Font Info:    Overwriting symbol font `operators' in version `bold'
(Font)                  OT1/cmr/bx/n --> OT1/lmr/bx/n on input line 26.
LaTeX Font Info:    Overwriting symbol font `letters' in version `bold'
(Font)                  OML/cmm/b/it --> OML/lmm/b/it on input line 27.
LaTeX Font Info:    Overwriting symbol font `symbols' in version `bold'
(Font)                  OMS/cmsy/b/n --> OMS/lmsy/b/n on input line 28.
LaTeX Font Info:    Overwriting symbol font `largesymbols' in version `bold'
(Font)                  OMX/cmex/m/n --> OMX/lmex/m/n on input line 29.
LaTeX Font Info:    Overwriting math alphabet `\mathbf' in version `normal'
(Font)                  OT1/cmr/bx/n --> OT1/lmr/bx/n on input line 31.
LaTeX Font Info:    Overwriting math alphabet `\mathsf' in version `normal'
(Font)                  OT1/cmss/m/n --> OT1/lmss/m/n on input line 32.
LaTeX Font Info:    Overwriting math alphabet `\mathit' in version `normal'
(Font)                  OT1/cmr/m/it --> OT1/lmr/m/it on input line 33.
LaTeX Font Info:    Overwriting math alphabet `\mathtt' in version `normal'
(Font)                  OT1/cmtt/m/n --> OT1/lmtt/m/n on input line 34.
LaTeX Font Info:    Overwriting math alphabet `\mathbf' in version `bold'
(Font)                  OT1/cmr/bx/n --> OT1/lmr/bx/n on input line 35.
LaTeX Font Info:    Overwriting math alphabet `\mathsf' in version `bold'
(Font)                  OT1/cmss/bx/n --> OT1/lmss/bx/n on input line 36.
LaTeX Font Info:    Overwriting math alphabet `\mathit' in version `bold'
(Font)                  OT1/cmr/bx/it --> OT1/lmr/bx/it on input line 37.
LaTeX Font Info:    Overwriting math alphabet `\mathtt' in version `bold'
(Font)                  OT1/cmtt/m/n --> OT1/lmtt/m/n on input line 38.
)
(/usr/share/texlive/texmf-dist/tex/latex/amsmath/amsmath.sty
Package: amsmath 2023/05/13 v2.17o AMS math features
\@mathmargin=\skip50

For additional information on amsmath, use the `?' option.
(/usr/share/texlive/texmf-dist/tex/latex/amsmath/amstext.sty
Package: amstext 2021/08/26 v2.01 AMS text

(/usr/share/texlive/texmf-dist/tex/latex/amsmath/amsgen.sty
File: amsgen.sty 1999/11/30 v2.0 generic functions
\@emptytoks=\toks19
\ex@=\dimen141
))
(/usr/share/texlive/texmf-dist/tex/latex/amsmath/amsbsy.sty
Package: amsbsy 1999/11/29 v1.2d Bold Symbols
\pmbraise@=\dimen142
)
(/usr/share/texlive/texmf-dist/tex/latex/amsmath/amsopn.sty
Package: amsopn 2022/04/08 v2.04 operator names
)
\inf@bad=\count195
LaTeX Info: Redefining \frac on input line 234.
\uproot@=\count196
\leftroot@=\count197
LaTeX Info: Redefining \overline on input line 399.
LaTeX Info: Redefining \colon on input line 410.
\classnum@=\count198
\DOTSCASE@=\count199
LaTeX Info: Redefining \ldots on input line 496.
LaTeX Info: Redefining \dots on input line 499.
LaTeX Info: Redefining \cdots on input line 620.
\Mathstrutbox@=\box51
\strutbox@=\box52
LaTeX Info: Redefining \big on input line 722.
LaTeX Info: Redefining \Big on input line 723.
LaTeX Info: Redefining \bigg on input line 724.
LaTeX Info: Redefining \Bigg on input line 725.
\big@size=\dimen143
LaTeX Font Info:    Redeclaring font encoding OML on input line 743.
LaTeX Font Info:    Redeclaring font encoding OMS on input line 744.
\macc@depth=\count266
LaTeX Info: Redefining \bmod on input line 905.
LaTeX Info: Redefining \pmod on input line 910.
LaTeX Info: Redefining \smash on input line 940.
LaTeX Info: Redefining \relbar on input line 970.
LaTeX Info: Redefining \Relbar on input line 971.
\c@MaxMatrixCols=\count267
\dotsspace@=\muskip16
\c@parentequation=\count268
\dspbrk@lvl=\count269
\tag@help=\toks20
\row@=\count270
\column@=\count271
\maxfields@=\count272
\andhelp@=\toks21
\eqnshift@=\dimen144
\alignsep@=\dimen145
\tagshift@=\dimen146
\tagwidth@=\dimen147
\totwidth@=\dimen148
\lineht@=\dimen149
\@envbody=\toks22
\multlinegap=\skip51
\multlinetaggap=\skip52
\mathdisplay@stack=\toks23
LaTeX Info: Redefining \[ on input line 2953.
LaTeX Info: Redefining \] on input line 2954.
)
(/usr/share/texlive/texmf-dist/tex/latex/amsfonts/amssymb.sty
Package: amssymb 2013/01/14 v3.01 AMS font symbols

(/usr/share/texlive/texmf-dist/tex/latex/amsfonts/amsfonts.sty
Package: amsfonts 2013/01/14 v3.01 Basic AMSFonts support
\symAMSa=\mathgroup4
\symAMSb=\mathgroup5
LaTeX Font Info:    Redeclaring math symbol \hbar on input line 98.
LaTeX Font Info:    Overwriting math alphabet `\mathfrak' in version `bold'
(Font)                  U/euf/m/n --> U/euf/b/n on input line 106.
))
(/usr/share/texlive/texmf-dist/tex/latex/booktabs/booktabs.sty
Package: booktabs 2020/01/12 v1.61803398 Publication quality tables
\heavyrulewidth=\dimen150
\lightrulewidth=\dimen151
\cmidrulewidth=\dimen152
\belowrulesep=\dimen153
\belowbottomsep=\dimen154
\aboverulesep=\dimen155
\abovetopsep=\dimen156
\cmidrulesep=\dimen157
\cmidrulekern=\dimen158
\defaultaddspace=\dimen159
\@cmidla=\count273
\@cmidlb=\count274
\@aboverulesep=\dimen160
\@belowrulesep=\dimen161
\@thisruleclass=\count275
\@lastruleclass=\count276
\@thisrulewidth=\dimen162
)
(/usr/share/texlive/texmf-dist/tex/latex/listings/listings.sty
(/usr/share/texlive/texmf-dist/tex/latex/graphics/keyval.sty
Package: keyval 2022/05/29 v1.15 key=value parser (DPC)
\KV@toks@=\toks24
)
\lst@mode=\count277
\lst@gtempboxa=\box53
\lst@token=\toks25
\lst@length=\count278
\lst@currlwidth=\dimen163
\lst@column=\count279
\lst@pos=\count280
\lst@lostspace=\dimen164
\lst@width=\dimen165
\lst@newlines=\count281
\lst@lineno=\count282
\lst@maxwidth=\dimen166

(/usr/share/texlive/texmf-dist/tex/latex/listings/lstmisc.sty
File: lstmisc.sty 2023/02/27 1.9 (Carsten Heinz)
\c@lstnumber=\count283
\lst@skipnumbers=\count284
\lst@framebox=\box54
)
(/usr/share/texlive/texmf-dist/tex/latex/listings/listings.cfg
File: listings.cfg 2023/02/27 1.9 listings configuration
))
Package: listings 2023/02/27 1.9 (Carsten Heinz)

(/usr/share/texlive/texmf-dist/tex/latex/xcolor/xcolor.sty
Package: xcolor 2023/11/15 v3.01 LaTeX color extensions (UK)

(/usr/share/texlive/texmf-dist/tex/latex/graphics-cfg/color.cfg
File: color.cfg 2016/01/02 v1.6 sample color configuration
)
Package xcolor Info: Driver file: pdftex.def on input line 274.

(/usr/share/texlive/texmf-dist/tex/latex/graphics-def/pdftex.def
File: pdftex.def 2022/09/22 v1.2b Graphics/color driver for pdftex
)
(/usr/share/texlive/texmf-dist/tex/latex/graphics/mathcolor.ltx)
Package xcolor Info: Model `cmy' substituted by `cmy0' on input line 1350.
Package xcolor Info: Model `hsb' substituted by `rgb' on input line 1354.
Package xcolor Info: Model `RGB' extended on input line 1366.
Package xcolor Info: Model `HTML' substituted by `rgb' on input line 1368.
Package xcolor Info: Model `Hsb' substituted by `hsb' on input line 1369.
Package xcolor Info: Model `tHsb' substituted by `hsb' on input line 1370.
Package xcolor Info: Model `HSB' substituted by `hsb' on input line 1371.
Package xcolor Info: Model `Gray' substituted by `gray' on input line 1372.
Package xcolor Info: Model `wave' substituted by `hsb' on input line 1373.
)
(/usr/share/texlive/texmf-dist/tex/latex/geometry/geometry.sty
Package: geometry 2020/01/02 v5.9 Page Geometry

(/usr/share/texlive/texmf-dist/tex/generic/iftex/ifvtex.sty
Package: ifvtex 2019/10/25 v1.7 ifvtex legacy package. Use iftex instead.

(/usr/share/texlive/texmf-dist/tex/generic/iftex/iftex.sty
Package: iftex 2022/02/03 v1.0f TeX engine tests
))
\Gm@cnth=\count285
\Gm@cntv=\count286
\c@Gm@tempcnt=\count287
\Gm@bindingoffset=\dimen167
\Gm@wd@mp=\dimen168
\Gm@odd@mp=\dimen169
\Gm@even@mp=\dimen170
\Gm@layoutwidth=\dimen171
\Gm@layoutheight=\dimen172
\Gm@layouthoffset=\dimen173
\Gm@layoutvoffset=\dimen174
\Gm@dimlist=\toks26
)
(/usr/share/texlive/texmf-dist/tex/latex/hyperref/hyperref.sty
Package: hyperref 2024-01-20 v7.01h Hypertext links for LaTeX

(/usr/share/texlive/texmf-dist/tex/latex/kvsetkeys/kvsetkeys.sty
Package: kvsetkeys 2022-10-05 v1.19 Key value parser (HO)
)
(/usr/share/texlive/texmf-dist/tex/generic/kvdefinekeys/kvdefinekeys.sty
Package: kvdefinekeys 2019-12-19 v1.6 Define keys (HO)
)
(/usr/share/texlive/texmf-dist/tex/generic/pdfescape/pdfescape.sty
Package: pdfescape 2019/12/09 v1.15 Implements pdfTeX's escape features (HO)

(/usr/share/texlive/texmf-dist/tex/generic/ltxcmds/ltxcmds.sty
Package: ltxcmds 2023-12-04 v1.26 LaTeX kernel commands for general use (HO)
)
(/usr/share/texlive/texmf-dist/tex/generic/pdftexcmds/pdftexcmds.sty
Package: pdftexcmds 2020-06-27 v0.33 Utility functions of pdfTeX for LuaTeX (HO
)

(/usr/share/texlive/texmf-dist/tex/generic/infwarerr/infwarerr.sty
Package: infwarerr 2019/12/03 v1.5 Providing info/warning/error messages (HO)
)
Package pdftexcmds Info: \pdf@primitive is available.
Package pdftexcmds Info: \pdf@ifprimitive is available.
Package pdftexcmds Info: \pdfdraftmode found.
))
(/usr/share/texlive/texmf-dist/tex/latex/hycolor/hycolor.sty
Package: hycolor 2020-01-27 v1.10 Color options for hyperref/bookmark (HO)
)
(/usr/share/texlive/texmf-dist/tex/latex/auxhook/auxhook.sty
Package: auxhook 2019-12-17 v1.6 Hooks for auxiliary files (HO)
)
(/usr/share/texlive/texmf-dist/tex/latex/hyperref/nameref.sty
Package: nameref 2023-11-26 v2.56 Cross-referencing by name of section

(/usr/share/texlive/texmf-dist/tex/latex/refcount/refcount.sty
Package: refcount 2019/12/15 v3.6 Data extraction from label references (HO)
)
(/usr/share/texlive/texmf-dist/tex/generic/gettitlestring/gettitlestring.sty
Package: gettitlestring 2019/12/15 v1.6 Cleanup title references (HO)

(/usr/share/texlive/texmf-dist/tex/latex/kvoptions/kvoptions.sty
Package: kvoptions 2022-06-15 v3.15 Key value format for package options (HO)
))
\c@section@level=\count288
)
(/usr/share/texlive/texmf-dist/tex/latex/etoolbox/etoolbox.sty
Package: etoolbox 2020/10/05 v2.5k e-TeX tools for LaTeX (JAW)
\etb@tempcnta=\count289
)
\@linkdim=\dimen175
\Hy@linkcounter=\count290
\Hy@pagecounter=\count291

(/usr/share/texlive/texmf-dist/tex/latex/hyperref/pd1enc.def
File: pd1enc.def 2024-01-20 v7.01h Hyperref: PDFDocEncoding definition (HO)
Now handling font encoding PD1 ...
... no UTF-8 mapping file for font encoding PD1
)
(/usr/share/texlive/texmf-dist/tex/generic/intcalc/intcalc.sty
Package: intcalc 2019/12/15 v1.3 Expandable calculations with integers (HO)
)
\Hy@SavedSpaceFactor=\count292

(/usr/share/texlive/texmf-dist/tex/latex/hyperref/puenc.def
File: puenc.def 2024-01-20 v7.01h Hyperref: PDF Unicode definition (HO)
Now handling font encoding PU ...
... no UTF-8 mapping file for font encoding PU
)
Package hyperref Info: Hyper figures OFF on input line 4179.
Package hyperref Info: Link nesting OFF on input line 4184.
Package hyperref Info: Hyper index ON on input line 4187.
Package hyperref Info: Plain pages OFF on input line 4194.
Package hyperref Info: Backreferencing OFF on input line 4199.
Package hyperref Info: Implicit mode ON; LaTeX internals redefined.
Package hyperref Info: Bookmarks ON on input line 4446.
\c@Hy@tempcnt=\count293

(/usr/share/texlive/texmf-dist/tex/latex/url/url.sty
\Urlmuskip=\muskip17
Package: url 2013/09/16  ver 3.4  Verb mode for urls, etc.
)
LaTeX Info: Redefining \url on input line 4784.
\XeTeXLinkMargin=\dimen176

(/usr/share/texlive/texmf-dist/tex/generic/bitset/bitset.sty
Package: bitset 2019/12/09 v1.3 Handle bit-vector datatype (HO)

(/usr/share/texlive/texmf-dist/tex/generic/bigintcalc/bigintcalc.sty
Package: bigintcalc 2019/12/15 v1.5 Expandable calculations on big integers (HO
)
))
\Fld@menulength=\count294
\Field@Width=\dimen177
\Fld@charsize=\dimen178
Package hyperref Info: Hyper figures OFF on input line 6063.
Package hyperref Info: Link nesting OFF on input line 6068.
Package hyperref Info: Hyper index ON on input line 6071.
Package hyperref Info: backreferencing OFF on input line 6078.
Package hyperref Info: Link coloring OFF on input line 6083.
Package hyperref Info: Link coloring with OCG OFF on input line 6088.
Package hyperref Info: PDF/A mode OFF on input line 6093.

(/usr/share/texlive/texmf-dist/tex/latex/base/atbegshi-ltx.sty
Package: atbegshi-ltx 2021/01/10 v1.0c Emulation of the original atbegshi
package with kernel methods
)
\Hy@abspage=\count295
\c@Item=\count296
\c@Hfootnote=\count297
)
Package hyperref Info: Driver (autodetected): hpdftex.

(/usr/share/texlive/texmf-dist/tex/latex/hyperref/hpdftex.def
File: hpdftex.def 2024-01-20 v7.01h Hyperref driver for pdfTeX

(/usr/share/texlive/texmf-dist/tex/latex/base/atveryend-ltx.sty
Package: atveryend-ltx 2020/08/19 v1.0a Emulation of the original atveryend pac
kage
with kernel methods
)
\Fld@listcount=\count298
\c@bookmark@seq@number=\count299

(/usr/share/texlive/texmf-dist/tex/latex/rerunfilecheck/rerunfilecheck.sty
Package: rerunfilecheck 2022-07-10 v1.10 Rerun checks for auxiliary files (HO)

(/usr/share/texlive/texmf-dist/tex/generic/uniquecounter/uniquecounter.sty
Package: uniquecounter 2019/12/15 v1.4 Provide unlimited unique counter (HO)
)
Package uniquecounter Info: New unique counter `rerunfilecheck' on input line 2
85.
)
\Hy@SectionHShift=\skip53
)
LaTeX Font Info:    Trying to load font information for T1+lmr on input line 38
.

(/usr/share/texmf/tex/latex/lm/t1lmr.fd
File: t1lmr.fd 2015/05/01 v1.6.1 Font defs for Latin Modern
)
(/usr/share/texlive/texmf-dist/tex/latex/l3backend/l3backend-pdftex.def
File: l3backend-pdftex.def 2024-01-04 L3 backend support: PDF output (pdfTeX)
\l__color_backend_stack_int=\count300
\l__pdf_internal_box=\box55
)
(./MOTIF_SEARCH_EXPLAINED.aux)
\openout1 = `MOTIF_SEARCH_EXPLAINED.aux'.

LaTeX Font Info:    Checking defaults for OML/cmm/m/it on input line 38.
LaTeX Font Info:    ... okay on input line 38.
LaTeX Font Info:    Checking defaults for OMS/cmsy/m/n on input line 38.
LaTeX Font Info:    ... okay on input line 38.
LaTeX Font Info:    Checking defaults for OT1/cmr/m/n on input line 38.
LaTeX Font Info:    ... okay on input line 38.
LaTeX Font Info:    Checking defaults for T1/cmr/m/n on input line 38.
LaTeX Font Info:    ... okay on input line 38.
LaTeX Font Info:    Checking defaults for TS1/cmr/m/n on input line 38.
LaTeX Font Info:    ... okay on input line 38.
LaTeX Font Info:    Checking defaults for OMX/cmex/m/n on input line 38.
LaTeX Font Info:    ... okay on input line 38.
LaTeX Font Info:    Checking defaults for U/cmr/m/n on input line 38.
LaTeX Font Info:    ... okay on input line 38.
LaTeX Font Info:    Checking defaults for PD1/pdf/m/n on input line 38.
LaTeX Font Info:    ... okay on input line 38.
LaTeX Font Info:    Checking defaults for PU/pdf/m/n on input line 38.
LaTeX Font Info:    ... okay on input line 38.
\c@lstlisting=\count301

(/usr/share/texlive/texmf-dist/tex/context/base/mkii/supp-pdf.mkii
[Loading MPS to PDF converter (version 2006.09.02).]
\scratchcounter=\count302
\scratchdimen=\dimen179
\scratchbox=\box56
\nofMPsegments=\count303
\nofMParguments=\count304
\everyMPshowfont=\toks27
\MPscratchCnt=\count305
\MPscratchDim=\dimen180
\MPnumerator=\count306
\makeMPintoPDFobject=\count307
\everyMPtoPDFconversion=\toks28
)
*geometry* driver: auto-detecting
*geometry* detected driver: pdftex
*geometry* verbose mode - [ preamble ] result:
* driver: pdftex
* paper: a4paper
* layout: <same size as paper>
* layoutoffset:(h,v)=(0.0pt,0.0pt)
* modes: 
* h-part:(L,W,R)=(72.26999pt, 452.9679pt, 72.26999pt)
* v-part:(T,H,B)=(72.26999pt, 700.50687pt, 72.26999pt)
* \paperwidth=597.50787pt
* \paperheight=845.04684pt
* \textwidth=452.9679pt
* \textheight=700.50687pt
* \oddsidemargin=0.0pt
* \evensidemargin=0.0pt
* \topmargin=-37.0pt
* \headheight=12.0pt
* \headsep=25.0pt
* \topskip=11.0pt
* \footskip=30.0pt
* \marginparwidth=50.0pt
* \marginparsep=10.0pt
* \columnsep=10.0pt
* \skip\footins=10.0pt plus 4.0pt minus 2.0pt
* \hoffset=0.0pt
* \voffset=0.0pt
* \mag=1000
* \@twocolumnfalse
* \@twosidefalse
* \@mparswitchfalse
* \@reversemarginfalse
* (1in=72.27pt=25.4mm, 1cm=28.453pt)

Package hyperref Info: Link coloring OFF on input line 38.
(./MOTIF_SEARCH_EXPLAINED.out) (./MOTIF_SEARCH_EXPLAINED.out)
\@outlinefile=\write3
\openout3 = `MOTIF_SEARCH_EXPLAINED.out'.

LaTeX Font Info:    Trying to load font information for OT1+lmr on input line 4
0.

(/usr/share/texmf/tex/latex/lm/ot1lmr.fd
File: ot1lmr.fd 2015/05/01 v1.6.1 Font defs for Latin Modern
)
LaTeX Font Info:    Trying to load font information for OML+lmm on input line 4
0.

(/usr/share/texmf/tex/latex/lm/omllmm.fd
File: omllmm.fd 2015/05/01 v1.6.1 Font defs for Latin Modern
)
LaTeX Font Info:    Trying to load font information for OMS+lmsy on input line 
40.

(/usr/share/texmf/tex/latex/lm/omslmsy.fd
File: omslmsy.fd 2015/05/01 v1.6.1 Font defs for Latin Modern
)
LaTeX Font Info:    Trying to load font information for OMX+lmex on input line 
40.

(/usr/share/texmf/tex/latex/lm/omxlmex.fd
File: omxlmex.fd 2015/05/01 v1.6.1 Font defs for Latin Modern
)
LaTeX Font Info:    External font `lmex10' loaded for size
(Font)              <12> on input line 40.
LaTeX Font Info:    External font `lmex10' loaded for size
(Font)              <8> on input line 40.
LaTeX Font Info:    External font `lmex10' loaded for size
(Font)              <6> on input line 40.
LaTeX Font Info:    Trying to load font information for U+msa on input line 40.


(/usr/share/texlive/texmf-dist/tex/latex/amsfonts/umsa.fd
File: umsa.fd 2013/01/14 v3.01 AMS symbols A
)
LaTeX Font Info:    Trying to load font information for U+msb on input line 40.


(/usr/share/texlive/texmf-dist/tex/latex/amsfonts/umsb.fd
File: umsb.fd 2013/01/14 v3.01 AMS symbols B
)
LaTeX Font Info:    Trying to load font information for T1+lmtt on input line 4
4.

(/usr/share/texmf/tex/latex/lm/t1lmtt.fd
File: t1lmtt.fd 2015/05/01 v1.6.1 Font defs for Latin Modern
) (./MOTIF_SEARCH_EXPLAINED.toc
LaTeX Font Info:    Font shape `T1/lmtt/bx/n' in size <10.95> not available
(Font)              Font shape `T1/lmtt/b/n' tried instead on input line 17.
LaTeX Font Info:    External font `lmex10' loaded for size
(Font)              <10.95> on input line 18.

[1

{/var/lib/texmf/fonts/map/pdftex/updmap/pdftex.map}{/usr/share/texmf/fonts/enc/
dvips/lm/lm-ec.enc}])
\tf@toc=\write4
\openout4 = `MOTIF_SEARCH_EXPLAINED.toc'.

LaTeX Font Info:    Trying to load font information for TS1+lmr on input line 5
8.
 (/usr/share/texmf/tex/latex/lm/ts1lmr.fd
File: ts1lmr.fd 2015/05/01 v1.6.1 Font defs for Latin Modern
) [2{/usr/share/texmf/fonts/enc/dvips/lm/lm-ts1.enc}] [3{/usr/share/texmf/fonts
/enc/dvips/lm/lm-mathsy.enc}{/usr/share/texmf/fonts/enc/dvips/lm/lm-mathit.enc}
{/usr/share/texmf/fonts/enc/dvips/lm/lm-rm.enc}]
Underfull \hbox (badness 10000) in paragraph at lines 191--191
[]\T1/lmtt/m/n/10.95 motifs M = [G where motif
 []


Underfull \hbox (badness 10000) in paragraph at lines 193--193
[]\T1/lmtt/m/n/10.95 graphs L = [G where motif
 []


Underfull \hbox (badness 10000) in paragraph at lines 195--195
[]\T1/lmtt/m/n/10.95 for each motif (a,b,c) in M
 []


Underfull \hbox (badness 10000) in paragraph at lines 197--197
[]\T1/lmtt/m/n/10.95 draw motif of G to "prefix"
 []


Overfull \hbox (42.35417pt too wide) in paragraph at lines 222--226
\T1/lmr/m/it/10.95 Verified\T1/lmr/m/n/10.95 : the pro-gram prints \T1/lmtt/m/n
/10.95 34\T1/lmr/m/n/10.95 , which is ex-actly the value pinned in \T1/lmtt/m/n
/10.95 verify/expected/motif.manifest\T1/lmr/m/n/10.95 .
 []

[4]
Overfull \hbox (13.75812pt too wide) in paragraph at lines 282--289
\T1/lmr/m/n/10.95 com-pre-hen-sion con-di-tion be-comes a \T1/lmtt/m/n/10.95 Gr
aphConditionNode \T1/lmr/m/n/10.95 with \T1/lmtt/m/n/10.95 op == GraphCondition
Op::Motif
 []

[5]
Overfull \hbox (117.19302pt too wide) in paragraph at lines 317--324
\T1/lmr/m/n/10.95 shals the mo-tif edges into three \T1/lmtt/m/n/10.95 i32 \T1/
lmr/m/n/10.95 ar-rays (source var, tar-get var, sign) and calls \T1/lmtt/m/n/10
.95 motif_find_matches_runtime(n,
 []


Overfull \hbox (4.1635pt too wide) in paragraph at lines 317--324
\T1/lmr/m/n/10.95 sult is a heap struct \T1/lmtt/m/n/10.95 MotifMatchesRuntime 
{count, var_count, bindings, capacity}\T1/lmr/m/n/10.95 .
 []


Overfull \hbox (3.97672pt too wide) in paragraph at lines 359--363
[]\T1/lmr/m/n/10.95 and the com-piler's IR type \T1/lmtt/m/n/10.95 struct.Motif
Matches \T1/lmr/m/n/10.95 are the same 24-byte \T1/lmtt/m/n/10.95 {i32,i32,i32*
,i32}
 []


Overfull \hbox (80.61961pt too wide) in paragraph at lines 364--373
\T1/lmr/m/n/10.95 (ca-pac-ity $\OT1/lmr/m/n/10.95 16$\T1/lmr/m/n/10.95 , then $
\OMS/lmsy/m/n/10.95 ^^B\OT1/lmr/m/n/10.95 2$\T1/lmr/m/n/10.95 ) through \T1/lmt
t/m/n/10.95 realloc \T1/lmr/m/n/10.95 + \T1/lmtt/m/n/10.95 memcpy \T1/lmr/m/n/1
0.95 of one row at ev-ery ap-pend (\T1/lmtt/m/n/10.95 motif_matches_append_runt
ime\T1/lmr/m/n/10.95 ,
 []

[6]
LaTeX Font Info:    External font `lmex10' loaded for size
(Font)              <10> on input line 378.
LaTeX Font Info:    External font `lmex10' loaded for size
(Font)              <7> on input line 378.
LaTeX Font Info:    External font `lmex10' loaded for size
(Font)              <5> on input line 378.

Underfull \hbox (badness 10000) in paragraph at lines 384--384
[]\T1/lmr/m/n/10 nothing new; reads
 []


Underfull \hbox (badness 10000) in paragraph at lines 385--385
[]\T1/lmr/m/n/10 nothing new; reads
 []


Underfull \hbox (badness 3861) in paragraph at lines 386--386
[]\T1/lmr/m/n/10 the same heap struct
 []


Overfull \hbox (17.28485pt too wide) in paragraph at lines 387--387
\T1/lmtt/m/n/10 graph_from_match_runtime
 []


Underfull \hbox (badness 10000) in paragraph at lines 388--388
[]\T1/lmr/m/n/10 nothing: a pri-vate
 []


Underfull \hbox (badness 10000) in paragraph at lines 388--388
\T1/lmr/m/n/10 stream-ing back-
 []


Underfull \hbox (badness 10000) in paragraph at lines 388--388
\T1/lmr/m/n/10 tracker ren-ders each
 []


Underfull \hbox (badness 10000) in paragraph at lines 388--388
\T1/lmr/m/n/10 match as found
 []


Overfull \hbox (44.95155pt too wide) in paragraph at lines 388--388
\T1/lmr/m/n/10 (\T1/lmtt/m/n/10 draw_motif_backtrack_runtime\T1/lmr/m/n/10 ,
 []

LaTeX Font Info:    Font shape `T1/lmtt/bx/n' in size <14.4> not available
(Font)              Font shape `T1/lmtt/b/n' tried instead on input line 410.
[7]
Overfull \hbox (32.4167pt too wide) in paragraph at lines 435--440
\T1/lmr/m/n/10.95 A per-mu-ta-tion $\OML/lmm/m/it/10.95 ^^Y$ \T1/lmr/m/n/10.95 
of the vari-ables pre-serves the pat-tern if \T1/lmtt/m/n/10.95 required[$\OML/
lmm/m/it/10.95 ^^Y$\T1/lmtt/m/n/10.95 (i)][$\OML/lmm/m/it/10.95 ^^Y$\T1/lmtt/m/
n/10.95 (j)] == required[i][j]
 []

[8]
Overfull \hbox (120.33234pt too wide) in paragraph at lines 533--535
\T1/lmr/m/n/10.95 For ref-er-ence, the in-ter-preter that the IR nest re-places
. In \T1/lmtt/m/n/10.95 runtime.c:1271--1315 \T1/lmr/m/n/10.95 (\T1/lmtt/m/n/10
.95 motif_collect_backtrack_runtime\T1/lmr/m/n/10.95 ): 
 []


Overfull \hbox (66.17973pt too wide) in paragraph at lines 558--563
[]\T1/lmr/m/n/10.95 for \T1/lmtt/m/n/10.95 graphs L = [...]\T1/lmr/m/n/10.95 , 
each bind-ing is turned into an in-duced sub-graph by \T1/lmtt/m/n/10.95 graph_
from_match_runtime
 []

[9]
Overfull \hbox (81.64769pt too wide) in paragraph at lines 592--604
 [] 
 []

[10]
Overfull \hbox (14.64685pt too wide) in paragraph at lines 650--655
[]\T1/lmr/m/n/10.95 Sorting
 []


Overfull \hbox (42.17197pt too wide) in paragraph at lines 677--686
 [] 
 []


Overfull \hbox (4.5284pt too wide) in paragraph at lines 700--709
[]\T1/lmr/bx/n/10.95 Inline-edge graphs are stored undi-rected. []\T1/lmr/m/n/1
0.95 A graph de-clared as \T1/lmtt/m/n/10.95 graph G { directed:
 []


Overfull \hbox (14.14458pt too wide) in paragraph at lines 700--709
\T1/lmtt/m/n/10.95 true; nodes: 0,1,2,3; edges: 0->1, ...; }; \T1/lmr/m/n/10.95
 an-swers ``neigh-bours of 1'' with $\OMS/lmsy/m/n/10.95 f\OT1/lmr/m/n/10.95 0\
OML/lmm/m/it/10.95 ; \OT1/lmr/m/n/10.95 2\OML/lmm/m/it/10.95 ; \OT1/lmr/m/n/10.
95 3\OMS/lmsy/m/n/10.95 g$
 []

[11]
Overfull \hbox (44.14174pt too wide) in paragraph at lines 728--732
[]\T1/lmtt/b/n/10.95 numEdges \T1/lmr/bx/n/10.95 re-ports undi-rected edges\T1/
lmr/m/n/10.95 : the low-er-ing emits \T1/lmtt/m/n/10.95 m / 2 \T1/lmr/m/n/10.95
 (\T1/lmtt/m/n/10.95 IRGenVisitor.cpp:4916--4927\T1/lmr/m/n/10.95 ).
 []

[12]
Overfull \hbox (69.9511pt too wide) in paragraph at lines 760--762
[]\T1/lmr/m/n/10.95 Useful en-vi-ron-ment switches: \T1/lmtt/m/n/10.95 GRAPHEAS
Y_MOTIF_BACKEND=ir|runtime\T1/lmr/m/n/10.95 , \T1/lmtt/m/n/10.95 GRAPHEASY_MOTI
F_ADJDRIVE=0|1\T1/lmr/m/n/10.95 . 
 []


Overfull \hbox (104.92058pt too wide) in paragraph at lines 773--776
[]\T1/lmr/m/n/10.95 If you need speed on a large graph, com-pile with \T1/lmtt/
m/n/10.95 GRAPHEASY_MOTIF_BACKEND=ir GRAPHEASY_MOTIF_ADJDRIVE=1
 []


Underfull \hbox (badness 10000) in paragraph at lines 791--791
[]\T1/lmr/m/n/10.95 Grammar:
 []


Underfull \hbox (badness 10000) in paragraph at lines 791--791
\T1/lmtt/m/n/10.95 motifs\T1/lmr/m/n/10.95 /\T1/lmtt/m/n/10.95 graphs\T1/lmr/m/
n/10.95 /\T1/lmtt/m/n/10.95 motifEdge\T1/lmr/m/n/10.95 /\T1/lmtt/m/n/10.95 wher
e
 []


Underfull \hbox (badness 10000) in paragraph at lines 799--800
[]\T1/lmtt/m/n/10.95 IRGenVisitor.cpp:1460--1530\T1/lmr/m/n/10.95 ,
 []


Underfull \hbox (badness 1845) in paragraph at lines 804--804
[]\T1/lmr/m/n/10.95 Pattern: re-quired ma-trix, au-to-mor-
 []


Underfull \hbox (badness 10000) in paragraph at lines 812--813
[]\T1/lmtt/m/n/10.95 verify/cases/motif/bifan.graph\T1/lmr/m/n/10.95 ,
 []

[13] [14] (./MOTIF_SEARCH_EXPLAINED.aux)
 ***********
LaTeX2e <2023-11-01> patch level 1
L3 programming layer <2024-01-22>
 ***********


LaTeX Warning: Label(s) may have changed. Rerun to get cross-references right.

Package rerunfilecheck Info: File `MOTIF_SEARCH_EXPLAINED.out' has not changed.

(rerunfilecheck)             Checksum: 3622DB2D2D094AD4695C07D78C575881;5858.
 ) 
Here is how much of TeX's memory you used:
 12567 strings out of 476106
 185812 string characters out of 5793934
 2127975 words of memory out of 5000000
 34200 multiletter control sequences out of 15000+600000
 640197 words of font info for 97 fonts, out of 8000000 for 9000
 59 hyphenation exceptions out of 8191
 75i,9n,79p,422b,1992s stack positions out of 10000i,1000n,20000p,200000b,200000s
</usr/share/texmf/fonts/type1/public/lm/lmbx10.pfb></usr/share/texmf/fonts/ty
pe1/public/lm/lmbx12.pfb></usr/share/texmf/fonts/type1/public/lm/lmmi10.pfb></u
sr/share/texmf/fonts/type1/public/lm/lmr10.pfb></usr/share/texmf/fonts/type1/pu
blic/lm/lmr12.pfb></usr/share/texmf/fonts/type1/public/lm/lmri10.pfb></usr/shar
e/texmf/fonts/type1/public/lm/lmsy10.pfb></usr/share/texmf/fonts/type1/public/l
m/lmtk10.pfb></usr/share/texmf/fonts/type1/public/lm/lmtt10.pfb></usr/share/tex
mf/fonts/type1/public/lm/lmtt9.pfb></usr/share/texmf/fonts/type1/public/lm/lmtt
i10.pfb></usr/share/texlive/texmf-dist/fonts/type1/public/amsfonts/symbols/msam
10.pfb>
Output written on MOTIF_SEARCH_EXPLAINED.pdf (14 pages, 325578 bytes).
PDF statistics:
 498 PDF objects out of 1000 (max. 8388607)
 451 compressed objects within 5 object streams
 205 named destinations out of 1000 (max. 500000)
 233 words of extra memory for PDF output out of 10000 (max. 10000000)

