[clean-cut] build parts=48 ns=99326415
[clean-cut] reuse parts=48 ns=688
[parallel-runtime] plain-call=1 trips=48 total_trips=48 range=[0,48) step=1 threads=12
[clean-cut] reuse parts=48 ns=2475
[parallel-runtime] plain-call=2 trips=48 total_trips=96 range=[0,48) step=1 threads=12
[clean-cut] reuse parts=48 ns=1415
[parallel-runtime] plain-call=3 trips=48 total_trips=144 range=[0,48) step=1 threads=12
[clean-cut] reuse parts=48 ns=1146
[parallel-runtime] plain-call=4 trips=48 total_trips=192 range=[0,48) step=1 threads=12
[clean-cut] reuse parts=48 ns=1233
[parallel-runtime] plain-call=5 trips=48 total_trips=240 range=[0,48) step=1 threads=12
[clean-cut] reuse parts=48 ns=516
[parallel-runtime] plain-call=6 trips=48 total_trips=288 range=[0,48) step=1 threads=12
[clean-cut] reuse parts=48 ns=516
[parallel-runtime] plain-call=7 trips=48 total_trips=336 range=[0,48) step=1 threads=12
[clean-cut] reuse parts=48 ns=354
[parallel-runtime] plain-call=8 trips=48 total_trips=384 range=[0,48) step=1 threads=12
[clean-cut] reuse parts=48 ns=726
[clean-cut] reuse parts=48 ns=621
[clean-cut] reuse parts=48 ns=545
[clean-cut] reuse parts=48 ns=440
[clean-cut] reuse parts=48 ns=640
[clean-cut] reuse parts=48 ns=411
[clean-cut] reuse parts=48 ns=316
[clean-cut] reuse parts=48 ns=421
[AutoTunerProfile] predicted_vs_measured_region_times
[AutoTunerProfile] region=0 kind=Traverse layout=CSR visits=1000001 predicted_ns=85161173.919 measured_ns=249661368 predicted_ms=85.161174 measured_ms=249.661368
[AutoTunerProfile] region=1 kind=Query layout=CSR visits=16 predicted_ns=0.000 measured_ns=73425498 predicted_ms=0.000000 measured_ms=73.425498
[AutoTunerProfile] region=3 kind=Traverse layout=CSR visits=1 predicted_ns=104759000.000 measured_ns=10331263 predicted_ms=104.759000 measured_ms=10.331263
[AutoTunerProfile] region=4 kind=Traverse layout=CSR visits=15 predicted_ns=104759000.000 measured_ns=57678820 predicted_ms=104.759000 measured_ms=57.678820
[AutoTunerProfile] total kind=Traverse predicted_ns=294679173.919 measured_ns=317671451 predicted_ms=294.679174 measured_ms=317.671451 pure_kernel_ns=67996178 pure_kernel_ms=67.996178
[AutoTunerProfile] total kind=Insert predicted_ns=0.000 measured_ns=0 predicted_ms=0.000000 measured_ms=0.000000 pure_kernel_ns=0 pure_kernel_ms=0.000000
[AutoTunerProfile] total kind=Query predicted_ns=0.000 measured_ns=73425498 predicted_ms=0.000000 measured_ms=73.425498 pure_kernel_ns=0 pure_kernel_ms=0.000000
[AutoTunerProfile] injected 0 layout conversions total, conversion_ns=0
0.52
---
[clean-cut] build parts=48 ns=93382854
[clean-cut] reuse parts=48 ns=650
[parallel-runtime] plain-call=1 trips=48 total_trips=48 range=[0,48) step=1 threads=12
[clean-cut] reuse parts=48 ns=1376
[parallel-runtime] plain-call=2 trips=48 total_trips=96 range=[0,48) step=1 threads=12
[clean-cut] reuse parts=48 ns=1213
[parallel-runtime] plain-call=3 trips=48 total_trips=144 range=[0,48) step=1 threads=12
[clean-cut] reuse parts=48 ns=880
[parallel-runtime] plain-call=4 trips=48 total_trips=192 range=[0,48) step=1 threads=12
[clean-cut] reuse parts=48 ns=726
[parallel-runtime] plain-call=5 trips=48 total_trips=240 range=[0,48) step=1 threads=12
[clean-cut] reuse parts=48 ns=497
[parallel-runtime] plain-call=6 trips=48 total_trips=288 range=[0,48) step=1 threads=12
[clean-cut] reuse parts=48 ns=315
[parallel-runtime] plain-call=7 trips=48 total_trips=336 range=[0,48) step=1 threads=12
[clean-cut] reuse parts=48 ns=421
[parallel-runtime] plain-call=8 trips=48 total_trips=384 range=[0,48) step=1 threads=12
[clean-cut] reuse parts=48 ns=430
[clean-cut] reuse parts=48 ns=335
[clean-cut] reuse parts=48 ns=383
[clean-cut] reuse parts=48 ns=382
[clean-cut] reuse parts=48 ns=373
[clean-cut] reuse parts=48 ns=334
[clean-cut] reuse parts=48 ns=401
[clean-cut] reuse parts=48 ns=668
[AutoTunerProfile] predicted_vs_measured_region_times
[AutoTunerProfile] region=0 kind=Traverse layout=CSR visits=1000001 predicted_ns=85161173.919 measured_ns=214065548 predicted_ms=85.161174 measured_ms=214.065548
[AutoTunerProfile] region=1 kind=Query layout=CSR visits=16 predicted_ns=0.000 measured_ns=52126856 predicted_ms=0.000000 measured_ms=52.126856
[AutoTunerProfile] region=3 kind=Traverse layout=CSR visits=1 predicted_ns=104759000.000 measured_ns=10849683 predicted_ms=104.759000 measured_ms=10.849683
[AutoTunerProfile] region=4 kind=Traverse layout=CSR visits=15 predicted_ns=104759000.000 measured_ns=59169104 predicted_ms=104.759000 measured_ms=59.169104
[AutoTunerProfile] total kind=Traverse predicted_ns=294679173.919 measured_ns=284084335 predicted_ms=294.679174 measured_ms=284.084335 pure_kernel_ns=70006452 pure_kernel_ms=70.006452
[AutoTunerProfile] total kind=Insert predicted_ns=0.000 measured_ns=0 predicted_ms=0.000000 measured_ms=0.000000 pure_kernel_ns=0 pure_kernel_ms=0.000000
[AutoTunerProfile] total kind=Query predicted_ns=0.000 measured_ns=52126856 predicted_ms=0.000000 measured_ms=52.126856 pure_kernel_ns=0 pure_kernel_ms=0.000000
[AutoTunerProfile] injected 0 layout conversions total, conversion_ns=0
0.47
---
[clean-cut] build parts=48 ns=95643842
[clean-cut] reuse parts=48 ns=659
[parallel-runtime] plain-call=1 trips=48 total_trips=48 range=[0,48) step=1 threads=12
[clean-cut] reuse parts=48 ns=1061
[parallel-runtime] plain-call=2 trips=48 total_trips=96 range=[0,48) step=1 threads=12
[clean-cut] reuse parts=48 ns=1442
[parallel-runtime] plain-call=3 trips=48 total_trips=144 range=[0,48) step=1 threads=12
[clean-cut] reuse parts=48 ns=860
[parallel-runtime] plain-call=4 trips=48 total_trips=192 range=[0,48) step=1 threads=12
[clean-cut] reuse parts=48 ns=975
[parallel-runtime] plain-call=5 trips=48 total_trips=240 range=[0,48) step=1 threads=12
[clean-cut] reuse parts=48 ns=793
[parallel-runtime] plain-call=6 trips=48 total_trips=288 range=[0,48) step=1 threads=12
[clean-cut] reuse parts=48 ns=334
[parallel-runtime] plain-call=7 trips=48 total_trips=336 range=[0,48) step=1 threads=12
[clean-cut] reuse parts=48 ns=430
[parallel-runtime] plain-call=8 trips=48 total_trips=384 range=[0,48) step=1 threads=12
[clean-cut] reuse parts=48 ns=353
[clean-cut] reuse parts=48 ns=296
[clean-cut] reuse parts=48 ns=316
[clean-cut] reuse parts=48 ns=449
[clean-cut] reuse parts=48 ns=315
[clean-cut] reuse parts=48 ns=229
[clean-cut] reuse parts=48 ns=440
[clean-cut] reuse parts=48 ns=402
[AutoTunerProfile] predicted_vs_measured_region_times
[AutoTunerProfile] region=0 kind=Traverse layout=CSR visits=1000001 predicted_ns=85161173.919 measured_ns=216241604 predicted_ms=85.161174 measured_ms=216.241604
[AutoTunerProfile] region=1 kind=Query layout=CSR visits=16 predicted_ns=0.000 measured_ns=51810616 predicted_ms=0.000000 measured_ms=51.810616
[AutoTunerProfile] region=3 kind=Traverse layout=CSR visits=1 predicted_ns=104759000.000 measured_ns=10758014 predicted_ms=104.759000 measured_ms=10.758014
[AutoTunerProfile] region=4 kind=Traverse layout=CSR visits=15 predicted_ns=104759000.000 measured_ns=57056126 predicted_ms=104.759000 measured_ms=57.056126
[AutoTunerProfile] total kind=Traverse predicted_ns=294679173.919 measured_ns=284055744 predicted_ms=294.679174 measured_ms=284.055744 pure_kernel_ns=67801381 pure_kernel_ms=67.801381
[AutoTunerProfile] total kind=Insert predicted_ns=0.000 measured_ns=0 predicted_ms=0.000000 measured_ms=0.000000 pure_kernel_ns=0 pure_kernel_ms=0.000000
[AutoTunerProfile] total kind=Query predicted_ns=0.000 measured_ns=51810616 predicted_ms=0.000000 measured_ms=51.810616 pure_kernel_ns=0 pure_kernel_ms=0.000000
[AutoTunerProfile] injected 0 layout conversions total, conversion_ns=0
0.46
---
