[
  {
    "equation": "current",
    "threads": 0,
    "settings": 51,
    "median_ape": 90.91753688897226,
    "mean_ape": 123.45980115538873,
    "within_20": 12,
    "worst_ape": 513.9560567732533
  },
  {
    "equation": "distance_dep_lane_sync",
    "threads": 0,
    "settings": 51,
    "median_ape": 30.804012741974553,
    "mean_ape": 32.56768360048912,
    "within_20": 14,
    "worst_ape": 74.89527615419614
  },
  {
    "equation": "lane_all",
    "threads": 0,
    "settings": 51,
    "median_ape": 32.70990578181028,
    "mean_ape": 35.417264963427634,
    "within_20": 7,
    "worst_ape": 74.89527615419614
  },
  {
    "equation": "lane_sync",
    "threads": 0,
    "settings": 51,
    "median_ape": 13.292178753155993,
    "mean_ape": 14.686817055402456,
    "within_20": 34,
    "worst_ape": 38.15032123867104
  },
  {
    "equation": "max_dep_lane_all",
    "threads": 0,
    "settings": 51,
    "median_ape": 28.61136222312064,
    "mean_ape": 31.428604706402194,
    "within_20": 8,
    "worst_ape": 51.68274804865989
  }
]
In file included from /mnt/d/sgpl/Graph-language-/p1GraphEasy-con-AutoTuner/proof/doacross_cost_diagnosis_2026_10_09/diagnostic_probe.c:9:
/mnt/d/sgpl/Graph-language-/p1GraphEasy-con-AutoTuner/proof/doacross_cost_validation_2026_10_09/source/parallel_runtime.c: In function ‘sgpl_tdg_read_core_ids_once’:
/mnt/d/sgpl/Graph-language-/p1GraphEasy-con-AutoTuner/proof/doacross_cost_validation_2026_10_09/source/parallel_runtime.c:168:63: warning: ‘%s’ directive output may be truncated writing up to 255 bytes into a region of size 232 [-Wformat-truncation=]
  168 |         snprintf(path, sizeof(path), "/sys/devices/system/cpu/%s/topology/core_id", name);
      |                                                               ^~
In file included from /usr/include/stdio.h:980,
                 from /mnt/d/sgpl/Graph-language-/p1GraphEasy-con-AutoTuner/proof/doacross_cost_validation_2026_10_09/source/parallel_runtime.c:10:
In function ‘snprintf’,
    inlined from ‘sgpl_tdg_read_core_ids_once’ at /mnt/d/sgpl/Graph-language-/p1GraphEasy-con-AutoTuner/proof/doacross_cost_validation_2026_10_09/source/parallel_runtime.c:168:9:
/usr/include/x86_64-linux-gnu/bits/stdio2.h:54:10: note: ‘__builtin___snprintf_chk’ output between 42 and 297 bytes into a destination of size 256
   54 |   return __builtin___snprintf_chk (__s, __n, __USE_FORTIFY_LEVEL - 1,
      |          ^~~~~~~~~~~~~~~~~~~~~~~~~~~~~~~~~~~~~~~~~~~~~~~~~~~~~~~~~~~~
   55 |                                    __glibc_objsize (__s), __fmt,
      |                                    ~~~~~~~~~~~~~~~~~~~~~~~~~~~~~
   56 |                                    __va_arg_pack ());
      |                                    ~~~~~~~~~~~~~~~~~
dependency=7932 slot=3836 after_post_7932=7932 after_post_3836=3836 wait_predicate=1

STALL run=1 state=0x5980114fde20 window=4096
lane=0 phase=2 iteration=4419 dependency=4416 slot=320 actual_slot=320 maximum_posted=4416 last_lane_post=4413
lane=1 phase=4 iteration=8194 dependency=8191 slot=4095 actual_slot=8191 maximum_posted=8191 last_lane_post=8194
lane=2 phase=4 iteration=8195 dependency=8192 slot=0 actual_slot=8192 maximum_posted=8192 last_lane_post=8195
lane=3 phase=2 iteration=4422 dependency=4419 slot=323 actual_slot=323 maximum_posted=323 last_lane_post=4416
lane=4 phase=4 iteration=8191 dependency=8188 slot=4092 actual_slot=8188 maximum_posted=8188 last_lane_post=8191
lane=5 phase=4 iteration=8192 dependency=8189 slot=4093 actual_slot=8189 maximum_posted=8189 last_lane_post=8192

Diagnostic runs: 7 last exit: 90
